\BOOKMARK [0][-]{chapter*.2}{\376\377\144\130\211\201}{}% 1
\BOOKMARK [0][-]{chapter*.3}{\376\377\000A\000b\000s\000t\000r\000a\000c\000t}{}% 2
\BOOKMARK [0][-]{bittoc.0}{\376\377\166\356\137\125}{}% 3
\BOOKMARK [0][-]{chapter*.5}{\376\377\143\322\126\376\175\042\137\025}{}% 4
\BOOKMARK [0][-]{chapter*.6}{\376\377\210\150\150\074\175\042\137\025}{}% 5
\BOOKMARK [0][-]{chapter*.7}{\376\377\116\073\211\201\173\046\123\367\133\371\161\147\210\150}{}% 6
\BOOKMARK [0][-]{chapter*.8}{\376\377\177\051\165\145\213\355\210\150}{}% 7
\BOOKMARK [0][-]{chapter.1}{\376\377\173\054\116\000\172\340\000\040\000\040\176\352\213\272}{}% 8
\BOOKMARK [1][-]{section.1.1}{\376\377\0001\000.\0001\000\040\170\024\172\166\200\314\146\157\124\214\141\017\116\111}{chapter.1}% 9
\BOOKMARK [1][-]{section.1.2}{\376\377\0001\000.\0002\000\040\126\375\121\205\131\026\170\024\172\166\163\260\162\266\123\312\123\321\134\125\215\213\122\277}{chapter.1}% 10
\BOOKMARK [1][-]{section.1.3}{\376\377\0001\000.\0003\000\040\213\272\145\207\116\073\211\201\121\205\133\271\124\214\176\323\147\204\133\211\143\222}{chapter.1}% 11
\BOOKMARK [2][-]{subsection.1.3.1}{\376\377\0001\000.\0003\000.\0001\000\040\133\146\150\041\140\305\121\265}{section.1.3}% 12
\BOOKMARK [0][-]{chapter.2}{\376\377\173\054\116\214\172\340\000\040\000\040\150\007\230\230\150\007\230\230\150\007\230\230\150\007\230\230\150\007\230\230\150\007\230\230}{}% 13
\BOOKMARK [1][-]{section.2.1}{\376\377\0002\000.\0001\000\040\150\007\230\230\0001}{chapter.2}% 14
\BOOKMARK [2][-]{subsection.2.1.1}{\376\377\0002\000.\0001\000.\0001\000\040\133\120\150\007\230\230\0001}{section.2.1}% 15
\BOOKMARK [2][-]{subsection.2.1.2}{\376\377\0002\000.\0001\000.\0002\000\040\133\120\150\007\230\230\0002}{section.2.1}% 16
\BOOKMARK [1][-]{section.2.2}{\376\377\0002\000.\0002\000\040\150\007\230\230\0002}{chapter.2}% 17
\BOOKMARK [1][-]{section.2.3}{\376\377\0002\000.\0003\000\040\150\007\230\230\0003}{chapter.2}% 18
\BOOKMARK [1][-]{section.2.4}{\376\377\0002\000.\0004\000\040\147\054\172\340\134\017\176\323}{chapter.2}% 19
\BOOKMARK [0][-]{chapter.3}{\376\377\173\054\116\011\172\340\000\040\000\040\126\376\171\136\176\317\177\121\176\334\217\205\122\251\155\361\136\246\137\072\123\026\133\146\116\140\166\204\227\136\164\006\140\363\170\154\116\366\123\273\207\002\172\235\131\047\211\304\152\041\000\040\000M\000I\000M\000O\000\040\174\373\176\337}{}% 20
\BOOKMARK [1][-]{section.3.1}{\376\377\0003\000.\0001\000\040\137\025\212\000}{chapter.3}% 21
\BOOKMARK [1][-]{section.3.2}{\376\377\0003\000.\0002\000\040\152\041\127\213\213\276\213\241}{chapter.3}% 22
\BOOKMARK [2][-]{subsection.3.2.1}{\376\377\0003\000.\0002\000.\0001\000\040\117\341\220\123\117\060\213\241}{section.3.2}% 23
\BOOKMARK [2][-]{subsection.3.2.2}{\376\377\0003\000.\0002\000.\0002\000\040\116\012\210\114\145\160\143\156\117\040\217\223}{section.3.2}% 24
\BOOKMARK [2][-]{subsection.3.2.3}{\376\377\0003\000.\0002\000.\0003\000\040\123\357\133\236\163\260\220\037\163\207\122\006\147\220}{section.3.2}% 25
\BOOKMARK [1][-]{section.3.3}{\376\377\0003\000.\0003\000\040\116\012\210\114\124\214\220\037\163\207\147\000\131\047\123\026}{chapter.3}% 26
\BOOKMARK [1][-]{section.3.4}{\376\377\0003\000.\0004\000\040\000D\000M\000A\000G\000N\000N\000-\000A\000C\173\227\154\325\213\276\213\241}{chapter.3}% 27
\BOOKMARK [2][-]{subsection.3.4.1}{\376\377\0003\000.\0004\000.\0001\000\040\000D\000M\000A\000G\000N\000N\000-\000A\000C\000\040\176\304\116\366}{section.3.4}% 28
\BOOKMARK [2][-]{subsection.3.4.2}{\376\377\0003\000.\0004\000.\0002\000\040\173\227\154\325\213\276\213\241}{section.3.4}% 29
\BOOKMARK [1][-]{section.3.5}{\376\377\0003\000.\0005\000\040\000M\000A\000D\000Q\000I\000N\173\227\154\325\213\276\213\241}{chapter.3}% 30
\BOOKMARK [1][-]{section.3.6}{\376\377\0003\000.\0006\000\040\145\160\120\074\176\323\147\234\116\016\122\006\147\220}{chapter.3}% 31
\BOOKMARK [1][-]{section.3.7}{\376\377\0003\000.\0007\000\040\147\054\172\340\134\017\176\323}{chapter.3}% 32
\BOOKMARK [0][-]{chapter.4}{\376\377\173\054\126\333\172\340\000\040\000\040\227\136\164\006\140\363\170\154\116\366\147\141\116\366\116\013\123\273\207\002\172\235\131\047\211\304\152\041\000M\000I\000M\000O\174\373\176\337\166\204\000U\000R\000L\000L\000C\147\015\122\241\215\104\156\220\122\006\221\115\173\126\165\145}{}% 33
\BOOKMARK [1][-]{section.4.1}{\376\377\0004\000.\0001\000\040\137\025\212\000}{chapter.4}% 34
\BOOKMARK [1][-]{section.4.2}{\376\377\0004\000.\0002\000\040\123\357\133\236\163\260\000U\000R\000L\000L\000C\220\037\163\207}{chapter.4}% 35
\BOOKMARK [1][-]{section.4.3}{\376\377\0004\000.\0003\000\040\173\227\154\325\213\276\213\241}{chapter.4}% 36
\BOOKMARK [2][-]{subsection.4.3.1}{\376\377\0004\000.\0003\000.\0001\000\040\165\050\142\067\202\202\160\271\162\171\137\201\136\372\152\041}{section.4.3}% 37
\BOOKMARK [2][-]{subsection.4.3.2}{\376\377\0004\000.\0003\000.\0002\000\040\136\162\142\160\217\271\162\171\137\201\136\372\152\041}{section.4.3}% 38
\BOOKMARK [2][-]{subsection.4.3.3}{\376\377\0004\000.\0003\000.\0003\000\040\126\376\171\136\176\317\177\121\176\334\155\210\140\157\117\040\220\022\147\072\122\066}{section.4.3}% 39
\BOOKMARK [2][-]{subsection.4.3.4}{\376\377\0004\000.\0003\000.\0004\000\040\127\372\116\216\000A\000c\000t\000o\000r\000-\000C\000r\000i\000t\000i\000c\166\204\122\237\163\207\143\247\122\066\121\263\173\126}{section.4.3}% 40
\BOOKMARK [2][-]{subsection.4.3.5}{\376\377\0004\000.\0003\000.\0005\000\040\131\126\122\261\121\375\145\160\213\276\213\241}{section.4.3}% 41
\BOOKMARK [2][-]{subsection.4.3.6}{\376\377\0004\000.\0003\000.\0006\000\040\173\227\154\325\213\255\176\303\155\101\172\013}{section.4.3}% 42
\BOOKMARK [2][-]{subsection.4.3.7}{\376\377\0004\000.\0003\000.\0007\000\040\173\227\154\325\131\015\147\102\136\246\122\006\147\220}{section.4.3}% 43
\BOOKMARK [1][-]{section.4.4}{\376\377\0004\000.\0004\000\040\116\377\167\037\176\323\147\234}{chapter.4}% 44
\BOOKMARK [1][-]{section.4.5}{\376\377\0004\000.\0005\000\040\147\054\172\340\134\017\176\323}{chapter.4}% 45
\BOOKMARK [0][-]{chapter.5}{\376\377\173\054\116\224\172\340\000\040\000\040\150\007\230\230\150\007\230\230\150\007\230\230\150\007\230\230\150\007\230\230\150\007\230\230}{}% 46
\BOOKMARK [1][-]{section.5.1}{\376\377\0005\000.\0001\000\040\150\007\230\230\0001}{chapter.5}% 47
\BOOKMARK [1][-]{section.5.2}{\376\377\0005\000.\0002\000\040\150\007\230\230\0002}{chapter.5}% 48
\BOOKMARK [1][-]{section.5.3}{\376\377\0005\000.\0003\000\040\150\007\230\230\0003}{chapter.5}% 49
\BOOKMARK [1][-]{section.5.4}{\376\377\0005\000.\0004\000\040\147\054\172\340\134\017\176\323}{chapter.5}% 50
\BOOKMARK [0][-]{chapter.6}{\376\377\173\054\121\155\172\340\000\040\000\040\140\073\176\323\116\016\134\125\147\033}{}% 51
\BOOKMARK [1][-]{section.6.1}{\376\377\0006\000.\0001\000\040\116\073\211\201\170\024\172\166\176\323\213\272}{chapter.6}% 52
\BOOKMARK [1][-]{section.6.2}{\376\377\0006\000.\0002\000\040\116\015\215\263\116\016\134\125\147\033}{chapter.6}% 53
\BOOKMARK [0][-]{appendix*.27}{\376\377\123\302\200\003\145\207\163\056}{}% 54
\BOOKMARK [0][-]{appendix*.28}{\376\377\201\364\000\040\000\040\214\042}{}% 55
\BOOKMARK [0][-]{appendix*.29}{\376\377\145\073\213\373\170\125\130\353\133\146\117\115\147\037\225\364\123\321\210\150\166\204\133\146\147\057\213\272\145\207}{}% 56
\BOOKMARK [0][-]{appendix*.30}{\376\377\145\073\213\373\170\125\130\353\133\146\117\115\147\037\225\364\123\302\122\240\166\204\171\321\170\024\230\171\166\356}{}% 57
\BOOKMARK [0][-]{appendix*.31}{\376\377\162\354\122\033\140\047\130\360\146\016\124\214\121\163\116\216\213\272\145\207\117\177\165\050\143\210\147\103\166\204\213\364\146\016}{}% 58
